// Jest Snapshot v1, https://goo.gl/fbAQLP

exports[`metric card renders correctly 1`] = `
<div
  className="MuiPaper-root MuiPaper-elevation MuiPaper-rounded MuiPaper-elevation1 MuiCard-root css-i54eqj-MuiPaper-root-MuiCard-root"
>
  <h5
    className="MuiTypography-root MuiTypography-h5 css-1673d9l-MuiTypography-root"
    style={
      Object {
        "padding": 5,
      }
    }
  >
    metric-card
  </h5>
  <hr
    className="MuiDivider-root MuiDivider-fullWidth css-9mgopn-MuiDivider-root"
  />
  <div
    className="MuiCardContent-root css-46bh2p-MuiCardContent-root"
  />
</div>
`;
